Omars-MBP-3:Sprint2nd_Part OmarEhabKhairy$ touch AllMyCommands.txt
Omars-MBP-3:Sprint2nd_Part OmarEhabKhairy$ ls
AllMyCommands.txt
Omars-MBP-3:.Trash OmarEhabKhairy$ cd
Omars-MBP-3:~ OmarEhabKhairy$ cd Do
Documents/ Downloads/ 
Omars-MBP-3:~ OmarEhabKhairy$ cd Documents/
Omars-MBP-3:Documents OmarEhabKhairy$ mkdir SprintTerminal
Omars-MBP-3:Documents OmarEhabKhairy$ cd SprintTerminal/
Omars-MBP-3:SprintTerminal OmarEhabKhairy$ git init SprintTerminal
Initialized empty Git repository in /Users/OmarEhabKhairy/Documents/SprintTerminal/SprintTerminal/.git/
Omars-MBP-3:SprintTerminal OmarEhabKhairy$ pwd
/Users/OmarEhabKhairy/Documents/SprintTerminal
Omars-MBP-3:SprintTerminal OmarEhabKhairy$ git add 1.1.txt
Omars-MBP-3:SprintTerminal OmarEhabKhairy$ git add 3.1.txt
Omars-MBP-3:SprintTerminal OmarEhabKhairy$ git add 5.1.txt
Omars-MBP-3:SprintTerminal OmarEhabKhairy$ git status
On branch master

No commits yet

Changes to be committed:
  (use "git rm --cached <file>..." to unstage)

	new file:   1.1.txt
	new file:   3.1.txt
	new file:   5.1.txt
Omars-MBP-3:SprintTerminal OmarEhabKhairy$ git status
On branch master

No commits yet

Changes to be committed:
  (use "git rm --cached <file>..." to unstage)

	new file:   1.1.txt
	new file:   3.1.txt
	new file:   5.1.txt


Omars-MBP-3:SprintTerminal OmarEhabKhairy$ rm 3.1.txt
Omars-MBP-3:SprintTerminal OmarEhabKhairy$ git status
On branch master

No commits yet

Changes to be committed:
  (use "git rm --cached <file>..." to unstage)

	new file:   1.1.txt
	new file:   3.1.txt
	new file:   5.1.txt

Changes not staged for commit:
  (use "git add/rm <file>..." to update what will be committed)
  (use "git checkout -- <file>..." to discard changes in working directory)

	deleted:    3.1.txt

Omars-MBP-3:SprintTerminal OmarEhabKhairy$ git checkout -- 3.1.txt
Omars-MBP-3:SprintTerminal OmarEhabKhairy$ git status
On branch master

No commits yet

Changes to be committed:
  (use "git rm --cached <file>..." to unstage)

	new file:   1.1.txt
	new file:   3.1.txt
	new file:   5.1.txt

Omars-MBP-3:SprintTerminal OmarEhabKhairy$ git commit -m "this is the sprint0 indivisual terminal part with three files of part 1.1 , 3.1 and 5.1 from the book"
[master (root-commit) 622f170] this is the sprint0 indivisual terminal part with three files of part 1.1 , 3.1 and 5.1 from the book
 3 files changed, 123 insertions(+)
 create mode 100644 1.1.txt
 create mode 100644 3.1.txt
 create mode 100644 5.1.txt
Omars-MBP-3:SprintTerminal OmarEhabKhairy$ git remote add origin https://github.com/duperomar96/Sprint0
Omars-MBP-3:SprintTerminal OmarEhabKhairy$ git remote -v
origin	https://github.com/duperomar96/Sprint0 (fetch)
origin	https://github.com/duperomar96/Sprint0 (push)
Omars-MBP-3:SprintTerminal OmarEhabKhairy$ git push -f origin master
Counting objects: 5, done.
Delta compression using up to 4 threads.
Compressing objects: 100% (5/5), done.
Writing objects: 100% (5/5), 8.03 KiB | 2.68 MiB/s, done.
Total 5 (delta 0), reused 0 (delta 0)
To https://github.com/duperomar96/Sprint0
 + b7cafb2...622f170 master -> master (forced update)
Omars-MBP-3:SprintTerminal OmarEhabKhairy$ pwd
/Users/OmarEhabKhairy/Documents/SprintTerminal/SprintTerminal
You have new mail in /var/mail/OmarEhabKhairy
Omars-MBP-3:SprintTerminal OmarEhabKhairy$ touch README.md
Omars-MBP-3:SprintTerminal OmarEhabKhairy$ git branch
* master
Omars-MBP-3:SprintTerminal OmarEhabKhairy$ git branch ReadMe
Omars-MBP-3:SprintTerminal OmarEhabKhairy$ git branch
  ReadMe
* master
Omars-MBP-3:SprintTerminal OmarEhabKhairy$ 
Omars-MBP-3:SprintTerminal OmarEhabKhairy$ git branch
* ReadMe
  master
Omars-MBP-3:SprintTerminal OmarEhabKhairy$ git add README.md
Omars-MBP-3:SprintTerminal OmarEhabKhairy$ git commit -m "I added a readme file with all my info in it"
[ReadMe 27fbcc8] I added a readme file with all my info in it
 1 file changed, 4 insertions(+)
 create mode 100644 README.md
Omars-MBP-3:SprintTerminal OmarEhabKhairy$ git checkout master
Switched to branch 'master'
Omars-MBP-3:SprintTerminal OmarEhabKhairy$ git merge ReadMe
Updating 622f170..27fbcc8
Fast-forward
 README.md | 4 ++++
 1 file changed, 4 insertions(+)
 create mode 100644 README.md


